Copyright 1986-2017 Xilinx, Inc. All Rights Reserved.
---------------------------------------------------------------------------------------------------------------------------------------------
| Tool Version : Vivado v.2017.4 (lin64) Build 2086221 Fri Dec 15 20:54:30 MST 2017
| Date         : Fri Feb 15 12:38:59 2019
| Host         : mwest-desktop running 64-bit Ubuntu 18.04.1 LTS
| Command      : report_utilization -omit_locs -file /home/buildbot/fpga_worker/build_FPGA_E310/work/src/usrp3/top/e300/build-E310/build.rpt
| Design       : e300
| Device       : 7z020clg484-1
| Design State : Routed
---------------------------------------------------------------------------------------------------------------------------------------------

Utilization Design Information

Table of Contents
-----------------
1. Slice Logic
1.1 Summary of Registers by Type
2. Slice Logic Distribution
3. Memory
4. DSP
5. IO and GT Specific
6. Clocking
7. Specific Feature
8. Primitives
9. Black Boxes
10. Instantiated Netlists

1. Slice Logic
--------------

+----------------------------+-------+-----------+-------+
|          Site Type         |  Used | Available | Util% |
+----------------------------+-------+-----------+-------+
| Slice LUTs                 | 38728 |     53200 | 72.80 |
|   LUT as Logic             | 29761 |     53200 | 55.94 |
|   LUT as Memory            |  8967 |     17400 | 51.53 |
|     LUT as Distributed RAM |  2354 |           |       |
|     LUT as Shift Register  |  6613 |           |       |
| Slice Registers            | 64275 |    106400 | 60.41 |
|   Register as Flip Flop    | 64275 |    106400 | 60.41 |
|   Register as Latch        |     0 |    106400 |  0.00 |
| F7 Muxes                   |   387 |     26600 |  1.45 |
| F8 Muxes                   |   152 |     13300 |  1.14 |
+----------------------------+-------+-----------+-------+


1.1 Summary of Registers by Type
--------------------------------

+-------+--------------+-------------+--------------+
| Total | Clock Enable | Synchronous | Asynchronous |
+-------+--------------+-------------+--------------+
| 0     |            _ |           - |            - |
| 0     |            _ |           - |          Set |
| 0     |            _ |           - |        Reset |
| 0     |            _ |         Set |            - |
| 0     |            _ |       Reset |            - |
| 0     |          Yes |           - |            - |
| 1442  |          Yes |           - |          Set |
| 7229  |          Yes |           - |        Reset |
| 748   |          Yes |         Set |            - |
| 54868 |          Yes |       Reset |            - |
+-------+--------------+-------------+--------------+


2. Slice Logic Distribution
---------------------------

+-------------------------------------------+-------+-----------+--------+
|                 Site Type                 |  Used | Available |  Util% |
+-------------------------------------------+-------+-----------+--------+
| Slice                                     | 13300 |     13300 | 100.00 |
|   SLICEL                                  |  8950 |           |        |
|   SLICEM                                  |  4350 |           |        |
| LUT as Logic                              | 29761 |     53200 |  55.94 |
|   using O5 output only                    |     6 |           |        |
|   using O6 output only                    | 21656 |           |        |
|   using O5 and O6                         |  8099 |           |        |
| LUT as Memory                             |  8967 |     17400 |  51.53 |
|   LUT as Distributed RAM                  |  2354 |           |        |
|     using O5 output only                  |     0 |           |        |
|     using O6 output only                  |     2 |           |        |
|     using O5 and O6                       |  2352 |           |        |
|   LUT as Shift Register                   |  6613 |           |        |
|     using O5 output only                  |  2513 |           |        |
|     using O6 output only                  |  3405 |           |        |
|     using O5 and O6                       |   695 |           |        |
| LUT Flip Flop Pairs                       | 20829 |     53200 |  39.15 |
|   fully used LUT-FF pairs                 |  6018 |           |        |
|   LUT-FF pairs with one unused LUT output | 13978 |           |        |
|   LUT-FF pairs with one unused Flip Flop  | 11165 |           |        |
| Unique Control Sets                       |  2354 |           |        |
+-------------------------------------------+-------+-----------+--------+
* Note: Review the Control Sets Report for more information regarding control sets.


3. Memory
---------

+-------------------+------+-----------+-------+
|     Site Type     | Used | Available | Util% |
+-------------------+------+-----------+-------+
| Block RAM Tile    | 45.5 |       140 | 32.50 |
|   RAMB36/FIFO*    |   36 |       140 | 25.71 |
|     RAMB36E1 only |   36 |           |       |
|   RAMB18          |   19 |       280 |  6.79 |
|     RAMB18E1 only |   19 |           |       |
+-------------------+------+-----------+-------+
* Note: Each Block RAM Tile only has one FIFO logic available and therefore can accommodate only one FIFO36E1 or one FIFO18E1. However, if a FIFO18E1 occupies a Block RAM Tile, that tile can still accommodate a RAMB18E1


4. DSP
------

+----------------+------+-----------+-------+
|    Site Type   | Used | Available | Util% |
+----------------+------+-----------+-------+
| DSPs           |  108 |       220 | 49.09 |
|   DSP48E1 only |  108 |           |       |
+----------------+------+-----------+-------+


5. IO and GT Specific
---------------------

+-----------------------------+------+-----------+--------+
|          Site Type          | Used | Available |  Util% |
+-----------------------------+------+-----------+--------+
| Bonded IOB                  |   96 |       200 |  48.00 |
|   IOB Master Pads           |   47 |           |        |
|   IOB Slave Pads            |   49 |           |        |
|   IOB Flip Flops            |   12 |           |        |
| Bonded IPADs                |    0 |         2 |   0.00 |
| Bonded IOPADs               |  130 |       130 | 100.00 |
| PHY_CONTROL                 |    0 |         4 |   0.00 |
| PHASER_REF                  |    0 |         4 |   0.00 |
| OUT_FIFO                    |    0 |        16 |   0.00 |
| IN_FIFO                     |    0 |        16 |   0.00 |
| IDELAYCTRL                  |    0 |         4 |   0.00 |
| IBUFDS                      |    0 |       192 |   0.00 |
| PHASER_OUT/PHASER_OUT_PHY   |    0 |        16 |   0.00 |
| PHASER_IN/PHASER_IN_PHY     |    0 |        16 |   0.00 |
| IDELAYE2/IDELAYE2_FINEDELAY |    0 |       200 |   0.00 |
| ILOGIC                      |   19 |       200 |   9.50 |
|   IFF_Register              |    6 |           |        |
|   IFF_IDDR_Register         |   13 |           |        |
| OLOGIC                      |   20 |       200 |  10.00 |
|   OUTFF_Register            |    6 |           |        |
|   OUTFF_ODDR_Register       |   14 |           |        |
+-----------------------------+------+-----------+--------+


6. Clocking
-----------

+------------+------+-----------+-------+
|  Site Type | Used | Available | Util% |
+------------+------+-----------+-------+
| BUFGCTRL   |    5 |        32 | 15.63 |
| BUFIO      |    0 |        16 |  0.00 |
| MMCME2_ADV |    1 |         4 | 25.00 |
| PLLE2_ADV  |    1 |         4 | 25.00 |
| BUFMRCE    |    0 |         8 |  0.00 |
| BUFHCE     |    0 |        72 |  0.00 |
| BUFR       |    1 |        16 |  6.25 |
+------------+------+-----------+-------+


7. Specific Feature
-------------------

+-------------+------+-----------+-------+
|  Site Type  | Used | Available | Util% |
+-------------+------+-----------+-------+
| BSCANE2     |    0 |         4 |  0.00 |
| CAPTUREE2   |    0 |         1 |  0.00 |
| DNA_PORT    |    0 |         1 |  0.00 |
| EFUSE_USR   |    0 |         1 |  0.00 |
| FRAME_ECCE2 |    0 |         1 |  0.00 |
| ICAPE2      |    0 |         2 |  0.00 |
| STARTUPE2   |    0 |         1 |  0.00 |
| XADC        |    0 |         1 |  0.00 |
+-------------+------+-----------+-------+


8. Primitives
-------------

+------------+-------+----------------------+
|  Ref Name  |  Used |  Functional Category |
+------------+-------+----------------------+
| FDRE       | 54868 |         Flop & Latch |
| LUT3       | 11284 |                  LUT |
| LUT6       |  7660 |                  LUT |
| LUT2       |  7473 |                  LUT |
| FDCE       |  7229 |         Flop & Latch |
| LUT4       |  5470 |                  LUT |
| LUT5       |  5029 |                  LUT |
| SRL16E     |  3963 |   Distributed Memory |
| RAMD32     |  3824 |   Distributed Memory |
| SRLC32E    |  3345 |   Distributed Memory |
| CARRY4     |  2679 |           CarryLogic |
| FDPE       |  1442 |         Flop & Latch |
| LUT1       |   944 |                  LUT |
| RAMS32     |   882 |   Distributed Memory |
| FDSE       |   748 |         Flop & Latch |
| MUXF7      |   387 |                MuxFx |
| MUXF8      |   152 |                MuxFx |
| BIBUF      |   130 |                   IO |
| DSP48E1    |   108 |     Block Arithmetic |
| OBUF       |    65 |                   IO |
| RAMB36E1   |    36 |         Block Memory |
| IBUF       |    30 |                   IO |
| RAMB18E1   |    19 |         Block Memory |
| ODDR       |    14 |                   IO |
| IDDR       |    13 |                   IO |
| OBUFT      |     7 |                   IO |
| BUFG       |     5 |                Clock |
| PS7        |     1 | Specialized Resource |
| PLLE2_ADV  |     1 |                Clock |
| MMCME2_ADV |     1 |                Clock |
| BUFR       |     1 |                Clock |
+------------+-------+----------------------+


9. Black Boxes
--------------

+----------+------+
| Ref Name | Used |
+----------+------+


10. Instantiated Netlists
-------------------------

+-------------------------------------+------+
|               Ref Name              | Used |
+-------------------------------------+------+
| fifo_short_2clk                     |   52 |
| fifo_4k_2clk                        |   12 |
| dds_sin_cos_lut_only                |    4 |
| complex_multiplier_dds              |    4 |
| hbdec2                              |    2 |
| hbdec1                              |    2 |
| axi_hb47                            |    2 |
| processing_system7_1                |    1 |
| e300_ps_fclk0_mmcm                  |    1 |
| axi_interconnect                    |    1 |
| axi_dma_stream                      |    1 |
| axi4_to_axi3_protocol_converter     |    1 |
| axi4_fifo_512x64                    |    1 |
| axi3_to_axi4lite_protocol_converter |    1 |
+-------------------------------------+------+


Copyright 1986-2017 Xilinx, Inc. All Rights Reserved.
----------------------------------------------------------------------------------------------------------------------------------------------------------------
| Tool Version : Vivado v.2017.4 (lin64) Build 2086221 Fri Dec 15 20:54:30 MST 2017
| Date         : Fri Feb 15 12:39:02 2019
| Host         : mwest-desktop running 64-bit Ubuntu 18.04.1 LTS
| Command      : report_timing_summary -no_detailed_paths -file /home/buildbot/fpga_worker/build_FPGA_E310/work/src/usrp3/top/e300/build-E310/build.rpt -append
| Design       : e300
| Device       : 7z020-clg484
| Speed File   : -1  PRODUCTION 1.11 2014-09-11
----------------------------------------------------------------------------------------------------------------------------------------------------------------

Timing Summary Report

------------------------------------------------------------------------------------------------
| Timer Settings
| --------------
------------------------------------------------------------------------------------------------

  Enable Multi Corner Analysis               :  Yes
  Enable Pessimism Removal                   :  Yes
  Pessimism Removal Resolution               :  Nearest Common Node
  Enable Input Delay Default Clock           :  No
  Enable Preset / Clear Arcs                 :  No
  Disable Flight Delays                      :  No
  Ignore I/O Paths                           :  No
  Timing Early Launch at Borrowing Latches   :  false

  Corner  Analyze    Analyze    
  Name    Max Paths  Min Paths  
  ------  ---------  ---------  
  Slow    Yes        Yes        
  Fast    Yes        Yes        



check_timing report

Table of Contents
-----------------
1. checking no_clock
2. checking constant_clock
3. checking pulse_width_clock
4. checking unconstrained_internal_endpoints
5. checking no_input_delay
6. checking no_output_delay
7. checking multiple_clock
8. checking generated_clocks
9. checking loops
10. checking partial_input_delay
11. checking partial_output_delay
12. checking latch_loops

1. checking no_clock
--------------------
 There are 0 register/latch pins with no clock.


2. checking constant_clock
--------------------------
 There are 0 register/latch pins with constant_clock.


3. checking pulse_width_clock
-----------------------------
 There are 0 register/latch pins which need pulse_width check


4. checking unconstrained_internal_endpoints
--------------------------------------------
 There are 0 pins that are not constrained for maximum delay.

 There are 0 pins that are not constrained for maximum delay due to constant clock.


5. checking no_input_delay
--------------------------
 There are 3 input ports with no input delay specified. (HIGH)

 There are 3 input ports with no input delay but user has a false path constraint. (MEDIUM)


6. checking no_output_delay
---------------------------
 There is 1 port with no output delay specified. (HIGH)

 There are 36 ports with no output delay but user has a false path constraint (MEDIUM)

 There is 1 port with no output delay but with a timing clock defined on it or propagating through it (LOW)


7. checking multiple_clock
--------------------------
 There are 0 register/latch pins with multiple clocks.


8. checking generated_clocks
----------------------------
 There are 0 generated clocks that are not connected to a clock source.


9. checking loops
-----------------
 There are 0 combinational loops in the design.


10. checking partial_input_delay
--------------------------------
 There are 0 input ports with partial input delay specified.


11. checking partial_output_delay
---------------------------------
 There are 0 ports with partial output delay specified.


12. checking latch_loops
------------------------
 There are 0 combinational latch loops in the design through latch input



------------------------------------------------------------------------------------------------
| Design Timing Summary
| ---------------------
------------------------------------------------------------------------------------------------

    WNS(ns)      TNS(ns)  TNS Failing Endpoints  TNS Total Endpoints      WHS(ns)      THS(ns)  THS Failing Endpoints  THS Total Endpoints     WPWS(ns)     TPWS(ns)  TPWS Failing Endpoints  TPWS Total Endpoints  
    -------      -------  ---------------------  -------------------      -------      -------  ---------------------  -------------------     --------     --------  ----------------------  --------------------  
      0.236        0.000                      0               199906        0.014        0.000                      0               199888        2.000        0.000                       0                 76558  


All user specified timing constraints are met.


------------------------------------------------------------------------------------------------
| Clock Summary
| -------------
------------------------------------------------------------------------------------------------

Clock                                                                  Waveform(ns)         Period(ns)      Frequency(MHz)
-----                                                                  ------------         ----------      --------------
CAT_DATA_CLK                                                           {0.000 8.138}        16.276          61.440          
  CAT_FB_CLK                                                           {0.000 8.138}        16.276          61.440          
GPS_PPS                                                                {0.000 50.000}       100.000         10.000          
PPS_EXT_IN                                                             {0.000 50.000}       100.000         10.000          
TCXO_CLK                                                               {0.000 12.500}       25.000          40.000          
  clk_200M_o                                                           {0.000 2.500}        5.000           200.000         
clk_fpga_0                                                             {0.000 10.000}       20.000          50.000          
clk_fpga_1                                                             {0.000 5.000}        10.000          100.000         
clk_fpga_2                                                             {0.000 4.000}        8.000           125.000         
clk_fpga_3                                                             {0.000 3.333}        6.666           150.015         
inst_e300_processing_system/inst_e300_ps_fclk0_mmcm/inst/clk_50MHz_in  {0.000 10.000}       20.000          50.000          
  clk_50MHz_out_e300_ps_fclk0_mmcm                                     {0.000 10.000}       20.000          50.000          
  clkfbout_e300_ps_fclk0_mmcm                                          {0.000 10.000}       20.000          50.000          


------------------------------------------------------------------------------------------------
| Intra Clock Table
| -----------------
------------------------------------------------------------------------------------------------

Clock                                                                      WNS(ns)      TNS(ns)  TNS Failing Endpoints  TNS Total Endpoints      WHS(ns)      THS(ns)  THS Failing Endpoints  THS Total Endpoints     WPWS(ns)     TPWS(ns)  TPWS Failing Endpoints  TPWS Total Endpoints  
-----                                                                      -------      -------  ---------------------  -------------------      -------      -------  ---------------------  -------------------     --------     --------  ----------------------  --------------------  
CAT_DATA_CLK                                                                 1.906        0.000                      0               121109        0.014        0.000                      0               121109        6.888        0.000                       0                 46865  
GPS_PPS                                                                     94.696        0.000                      0                   49        0.265        0.000                      0                   49       49.500        0.000                       0                    25  
PPS_EXT_IN                                                                  94.696        0.000                      0                   49        0.265        0.000                      0                   49       49.500        0.000                       0                    25  
TCXO_CLK                                                                                                                                                                                                                 7.500        0.000                       0                     1  
  clk_200M_o                                                                 0.236        0.000                      0                  612        0.112        0.000                      0                  612        2.000        0.000                       0                   308  
clk_fpga_0                                                                                                                                                                                                              17.845        0.000                       0                     1  
inst_e300_processing_system/inst_e300_ps_fclk0_mmcm/inst/clk_50MHz_in                                                                                                                                                    7.000        0.000                       0                     1  
  clk_50MHz_out_e300_ps_fclk0_mmcm                                           4.792        0.000                      0                69695        0.014        0.000                      0                69695        8.750        0.000                       0                 29354  
  clkfbout_e300_ps_fclk0_mmcm                                                                                                                                                                                           17.845        0.000                       0                     3  


------------------------------------------------------------------------------------------------
| Inter Clock Table
| -----------------
------------------------------------------------------------------------------------------------

From Clock                        To Clock                              WNS(ns)      TNS(ns)  TNS Failing Endpoints  TNS Total Endpoints      WHS(ns)      THS(ns)  THS Failing Endpoints  THS Total Endpoints  
----------                        --------                              -------      -------  ---------------------  -------------------      -------      -------  ---------------------  -------------------  
input port clock                  CAT_DATA_CLK                           13.504        0.000                      0                    6                                                                        
CAT_DATA_CLK                      CAT_FB_CLK                              1.515        0.000                      0                   13        4.198        0.000                      0                   13  
input port clock                  clk_50MHz_out_e300_ps_fclk0_mmcm        4.257        0.000                      0                    1                                                                        


------------------------------------------------------------------------------------------------
| Other Path Groups Table
| -----------------------
------------------------------------------------------------------------------------------------

Path Group                        From Clock                        To Clock                              WNS(ns)      TNS(ns)  TNS Failing Endpoints  TNS Total Endpoints      WHS(ns)      THS(ns)  THS Failing Endpoints  THS Total Endpoints  
----------                        ----------                        --------                              -------      -------  ---------------------  -------------------      -------      -------  ---------------------  -------------------  
**async_default**                 CAT_DATA_CLK                      CAT_DATA_CLK                            6.244        0.000                      0                 3390        0.268        0.000                      0                 3390  
**async_default**                 clk_50MHz_out_e300_ps_fclk0_mmcm  clk_50MHz_out_e300_ps_fclk0_mmcm       12.237        0.000                      0                 5019        0.053        0.000                      0                 5019  
**default**                                                                                                 1.221        0.000                      0                    1        2.144        0.000                      0                    1  
**default**                       CAT_DATA_CLK                                                              8.602        0.000                      0                    6                                                                        
**default**                       clk_200M_o                                                               33.318        0.000                      0                    3                                                                        
**default**                       clk_50MHz_out_e300_ps_fclk0_mmcm                                          0.757        0.000                      0                    3        2.093        0.000                      0                    1  


